2026-04-13 12:29:43  WARNING   Aucun prospect en base avec statut='prospect'.
2026-04-13 12:29:43  WARNING   Ajoutez des modèles via le scraper ou le frontend.
2026-04-13 12:34:45  INFO      Campagne démarrée — 3 DMs / 4 sessions
2026-04-13 12:34:45  INFO      Distribution : [1, 1, 1, 0]
2026-04-13 12:34:45  INFO      Prospects disponibles : 3
2026-04-13 12:34:45  INFO      Mode : DRY-RUN | Headless : True
2026-04-13 12:34:51  INFO      Session Instagram valide.
2026-04-13 12:34:51  INFO      ───────────────────────────────────────────────────────
2026-04-13 12:34:51  INFO        SESSION 1/4  [Matin]  —  1 DMs prévus
2026-04-13 12:34:51  INFO      ───────────────────────────────────────────────────────
2026-04-13 12:34:51  DEBUG     Session 1 · DM 1/1 → @test_prospect_2
2026-04-13 12:34:51  INFO        [DRY-RUN] 1/1 @@test_prospect_2 | 'Hello test_prospect_2 ! Je travaille pour une agence OFM et …'
2026-04-13 12:34:51  DEBUG       BDD : @@test_prospect_2 → statut='contacté', message loggé
2026-04-13 12:34:52  INFO        Session 1 terminée — envoyés: 1  échecs: 0  durée: 0m 0s
2026-04-13 12:34:52  INFO      Pause inter-sessions (Matin) — 67m 36s (reprise à 13:42:28)
2026-04-13 12:35:52  DEBUG       Pause inter-sessions (Matin) — encore 66m 36s
2026-04-13 14:46:34  INFO      Campagne démarrée — 1 DMs / 1 sessions
2026-04-13 14:46:34  INFO      Distribution : [1]
2026-04-13 14:46:34  INFO      Prospects disponibles : 1
2026-04-13 14:46:34  INFO      Mode : DRY-RUN | Headless : True
2026-04-13 14:46:36  DEBUG     Session chargée depuis ig_session.json
2026-04-13 14:46:41  INFO      Session Instagram valide.
2026-04-13 14:46:41  INFO      ───────────────────────────────────────────────────────
2026-04-13 14:46:41  INFO        SESSION 1/4  [Matin]  —  1 DMs prévus
2026-04-13 14:46:41  INFO      ───────────────────────────────────────────────────────
2026-04-13 14:46:41  DEBUG     Session 1 · DM 1/1 → @empressarseniy446l
2026-04-13 14:46:41  INFO        [DRY-RUN] 1/1 @@empressarseniy446l | 'Bonjour empressarseniy446l ! Notre agence OFM a repéré ton p…'
2026-04-13 14:46:41  DEBUG       BDD : @@empressarseniy446l → statut='contacté', message loggé
2026-04-13 14:46:42  INFO        Session 1 terminée — envoyés: 1  échecs: 0  durée: 0m 0s
2026-04-13 14:46:42  INFO      ==================================================
  Campagne du 2026-04-13
  DMs envoyés  : 1
  Echecs       : 0
  Ignorés      : 0
  Session 1 (Matin       ) — envoyés=1  échecs=0  durée=0m 0s
==================================================
2026-04-13 14:47:03  INFO      Campagne démarrée — 1 DMs / 1 sessions
2026-04-13 14:47:03  INFO      Distribution : [1]
2026-04-13 14:47:03  INFO      Prospects disponibles : 1
2026-04-13 14:47:03  INFO      Mode : DRY-RUN | Headless : True
2026-04-13 14:47:04  DEBUG     Session chargée depuis ig_session.json
2026-04-13 14:47:09  INFO      Session Instagram valide.
2026-04-13 14:47:09  INFO      ───────────────────────────────────────────────────────
2026-04-13 14:47:09  INFO        SESSION 1/4  [Matin]  —  1 DMs prévus
2026-04-13 14:47:09  INFO      ───────────────────────────────────────────────────────
2026-04-13 14:47:09  DEBUG     Session 1 · DM 1/1 → @gustavo_19d
2026-04-13 14:47:09  INFO        [DRY-RUN] 1/1 @@gustavo_19d | 'Bonjour gustavo_19d ! Notre agence OFM a repéré ton profil e…'
2026-04-13 14:47:09  DEBUG       BDD : @@gustavo_19d → statut='contacté', message loggé
2026-04-13 14:47:10  INFO        Session 1 terminée — envoyés: 1  échecs: 0  durée: 0m 0s
2026-04-13 14:47:10  INFO      ==================================================
  Campagne du 2026-04-13
  DMs envoyés  : 1
  Echecs       : 0
  Ignorés      : 0
  Session 1 (Matin       ) — envoyés=1  échecs=0  durée=0m 0s
==================================================
2026-04-13 14:47:33  INFO      Campagne démarrée — 1 DMs / 1 sessions
2026-04-13 14:47:33  INFO      Distribution : [1]
2026-04-13 14:47:33  INFO      Prospects disponibles : 1
2026-04-13 14:47:33  INFO      Mode : RÉEL | Headless : True
2026-04-13 14:47:34  DEBUG     Session chargée depuis ig_session.json
2026-04-13 14:47:38  INFO      Session Instagram valide.
2026-04-13 14:47:38  INFO      ───────────────────────────────────────────────────────
2026-04-13 14:47:38  INFO        SESSION 1/4  [Matin]  —  1 DMs prévus
2026-04-13 14:47:38  INFO      ───────────────────────────────────────────────────────
2026-04-13 14:47:38  DEBUG     Session 1 · DM 1/1 → @beastinna830vh465d
2026-04-13 14:47:38  DEBUG     → @beastinna830vh465d  (213 car.)
2026-04-13 14:48:14  WARNING     @beastinna830vh465d — zone de saisie DM introuvable
2026-04-13 14:48:14  INFO        Session 1 terminée — envoyés: 0  échecs: 1  durée: 0m 35s
2026-04-13 14:48:14  INFO      ==================================================
  Campagne du 2026-04-13
  DMs envoyés  : 0
  Echecs       : 1
  Ignorés      : 0
  Session 1 (Matin       ) — envoyés=0  échecs=1  durée=0m 35s
==================================================
2026-04-13 15:09:43  INFO      Campagne démarrée — 1 DMs / 1 sessions
2026-04-13 15:09:43  INFO      Distribution : [1]
2026-04-13 15:09:43  INFO      Prospects disponibles : 1
2026-04-13 15:09:43  INFO      Mode : RÉEL | Headless : True
2026-04-13 15:09:45  DEBUG     Session chargée depuis ig_session.json
2026-04-13 15:09:49  INFO      Page de consentement cookies détectée — acceptation...
2026-04-13 15:10:04  WARNING   Page de consentement détectée mais bouton non trouvé
2026-04-13 15:10:08  INFO      Connexion Instagram en cours...
2026-04-13 15:10:47  ERROR     Erreur de login : Page.fill: Timeout 30000ms exceeded.
Call log:
  - waiting for locator("input[name=\"username\"]")

2026-04-13 15:10:47  ERROR     Connexion Instagram impossible
2026-04-13 15:32:17  INFO      Campagne démarrée — 1 DMs / 1 sessions
2026-04-13 15:32:17  INFO      Distribution : [1]
2026-04-13 15:32:17  INFO      Prospects disponibles : 1
2026-04-13 15:32:17  INFO      Mode : RÉEL | Headless : True
2026-04-13 15:32:19  DEBUG     Session chargée depuis ig_session.json
2026-04-13 15:32:26  INFO      Session Instagram valide.
2026-04-13 15:32:48  INFO      ───────────────────────────────────────────────────────
2026-04-13 15:32:48  INFO        SESSION 1/4  [Matin]  —  1 DMs prévus
2026-04-13 15:32:48  INFO      ───────────────────────────────────────────────────────
2026-04-13 15:32:48  DEBUG     Session 1 · DM 1/1 → @beastinna830vh465d
2026-04-13 15:32:48  DEBUG     → @beastinna830vh465d  (213 car.)
2026-04-13 15:32:58  DEBUG       @beastinna830vh465d — option sélectionnée : 'beastinna830vh465d\nbeastinna830vh465d'
2026-04-13 15:33:11  WARNING     @beastinna830vh465d — thread non ouvert (DMs restreints ?)
2026-04-13 15:33:11  INFO        Session 1 terminée — envoyés: 0  échecs: 1  durée: 0m 22s
2026-04-13 15:33:11  INFO      ==================================================
  Campagne du 2026-04-13
  DMs envoyés  : 0
  Echecs       : 1
  Ignorés      : 0
  Session 1 (Matin       ) — envoyés=0  échecs=1  durée=0m 22s
==================================================
2026-04-13 15:33:46  INFO      Campagne démarrée — 1 DMs / 1 sessions
2026-04-13 15:33:46  INFO      Distribution : [1]
2026-04-13 15:33:46  INFO      Prospects disponibles : 1
2026-04-13 15:33:46  INFO      Mode : RÉEL | Headless : True
2026-04-13 15:33:48  DEBUG     Session chargée depuis ig_session.json
2026-04-13 15:33:52  INFO      Session Instagram valide.
2026-04-13 15:34:15  INFO      ───────────────────────────────────────────────────────
2026-04-13 15:34:15  INFO        SESSION 1/4  [Matin]  —  1 DMs prévus
2026-04-13 15:34:15  INFO      ───────────────────────────────────────────────────────
2026-04-13 15:34:15  DEBUG     Session 1 · DM 1/1 → @ceciliamarianacoronel
2026-04-13 15:34:15  DEBUG     → @ceciliamarianacoronel  (216 car.)
2026-04-13 15:34:25  DEBUG       @ceciliamarianacoronel — option sélectionnée : 'Cecilia Mariana Coronel\nceciliamarianacoronel'
2026-04-13 15:34:37  WARNING     @ceciliamarianacoronel — thread non ouvert (DMs restreints ?)
2026-04-13 15:34:37  INFO        Session 1 terminée — envoyés: 0  échecs: 1  durée: 0m 22s
2026-04-13 15:34:38  INFO      ==================================================
  Campagne du 2026-04-13
  DMs envoyés  : 0
  Echecs       : 1
  Ignorés      : 0
  Session 1 (Matin       ) — envoyés=0  échecs=1  durée=0m 22s
==================================================
2026-04-13 16:15:42  INFO      Connecté via ig_session.json — @louis_test12345
2026-04-13 16:18:39  INFO      Campagne démarrée — 1 DMs / 1 sessions
2026-04-13 16:18:39  INFO      Distribution : [1]
2026-04-13 16:18:39  INFO      Prospects disponibles : 1
2026-04-13 16:18:39  INFO      Mode : RÉEL
2026-04-13 16:18:42  INFO      Connecté via ig_session.json — @louis_test12345
2026-04-13 16:18:42  INFO      ───────────────────────────────────────────────────────
2026-04-13 16:18:42  INFO        SESSION 1/4  [Matin]  —  1 DMs prévus
2026-04-13 16:18:42  INFO      ───────────────────────────────────────────────────────
2026-04-13 16:18:42  DEBUG     Session 1 · DM 1/1 → @@ceciliamarianacoronel
2026-04-13 16:18:55  INFO        @ceciliamarianacoronel — DM envoyé ✓  (#1 dans cette session)
2026-04-13 16:18:55  DEBUG       BDD : @@ceciliamarianacoronel → statut='contacté', message loggé
2026-04-13 16:18:55  INFO        Session 1 terminée — envoyés: 1  échecs: 0  durée: 0m 13s
2026-04-13 16:18:55  INFO      ==================================================
  Campagne du 2026-04-13
  DMs envoyés  : 1
  Echecs       : 0
  Ignorés      : 0
  Session 1 (Matin       ) — envoyés=1  échecs=0  durée=0m 13s
==================================================
2026-04-13 16:35:28  INFO      Connecté via ig_session.json — @louis_test12345
2026-04-13 16:35:39  WARNING     @ceciliamarianacoronel — erreur DM : {"status":"fail","status_code":"403","client_context":"6800018119403053568","error_code":1545120,"client_facing_error_message":"Your message can&#039;t be delivered. You can send more messages after your invitation to chat is accepted."}
2026-04-13 16:36:04  INFO      Campagne démarrée — 1 DMs / 1 sessions
2026-04-13 16:36:04  INFO      Distribution : [1]
2026-04-13 16:36:04  INFO      Prospects disponibles : 1
2026-04-13 16:36:04  INFO      Mode : RÉEL
2026-04-13 16:36:08  INFO      Connecté via ig_session.json — @louis_test12345
2026-04-13 16:36:08  INFO      ───────────────────────────────────────────────────────
2026-04-13 16:36:08  INFO        SESSION 1/4  [Matin]  —  1 DMs prévus
2026-04-13 16:36:08  INFO      ───────────────────────────────────────────────────────
2026-04-13 16:36:08  DEBUG     Session 1 · DM 1/1 → @@okcosmo87d
2026-04-13 16:36:13  WARNING     @okcosmo87d — compte introuvable ou privé
2026-04-13 16:36:13  INFO        Session 1 terminée — envoyés: 0  échecs: 1  durée: 0m 5s
2026-04-13 16:36:13  INFO      ==================================================
  Campagne du 2026-04-13
  DMs envoyés  : 0
  Echecs       : 1
  Ignorés      : 0
  Session 1 (Matin       ) — envoyés=0  échecs=1  durée=0m 5s
==================================================
2026-04-13 16:38:16  INFO      Campagne démarrée — 1 DMs / 1 sessions
2026-04-13 16:38:16  INFO      Distribution : [1]
2026-04-13 16:38:16  INFO      Prospects disponibles : 1
2026-04-13 16:38:16  INFO      Mode : RÉEL
2026-04-13 16:38:21  INFO      Connecté via ig_session.json — @louis_test12345
2026-04-13 16:38:21  INFO      ───────────────────────────────────────────────────────
2026-04-13 16:38:21  INFO        SESSION 1/4  [Matin]  —  1 DMs prévus
2026-04-13 16:38:21  INFO      ───────────────────────────────────────────────────────
2026-04-13 16:38:21  DEBUG     Session 1 · DM 1/1 → @@beastinna830vh465d
2026-04-13 16:38:33  INFO        @beastinna830vh465d — DM envoyé ✓  (#1 dans cette session)
2026-04-13 16:38:33  DEBUG       BDD : @@beastinna830vh465d → statut='contacté', message loggé
2026-04-13 16:38:33  INFO        Session 1 terminée — envoyés: 1  échecs: 0  durée: 0m 11s
2026-04-13 16:38:33  INFO      ==================================================
  Campagne du 2026-04-13
  DMs envoyés  : 1
  Echecs       : 0
  Ignorés      : 0
  Session 1 (Matin       ) — envoyés=1  échecs=0  durée=0m 11s
==================================================
